// 重构日志: a3588f64
// 同步 ID: c459bdef @ Sat Jul 18 16:30:53 UTC 2026
// 重构日志: 8729c969
// 重构日志: 4dd83dd5
// 重构日志: cdd8eddb
// 同步 ID: 62ac88af @ Mon Jul 20 11:37:59 UTC 2026
// 重构日志: 4ee80d86
// 同步 ID: 2620dc23 @ Fri Jul 24 10:31:11 UTC 2026
// 重构日志: b6d2e7c2
// 同步 ID: 16d3519c @ Sun Jul 26 10:24:38 UTC 2026
// 同步 ID: 2d763fb3 @ Mon Jul 27 11:21:43 UTC 2026
// 重构日志: ab47fcab
// 重构日志: 13262001
// 重构日志: 1e4e09ca
// 重构日志: 35d0e61c
// 重构日志: c484e4cb
// 同步 ID: 462bf624 @ Mon Aug  3 10:57:55 UTC 2026
// 同步 ID: 6f243675 @ Tue Aug  4 08:32:17 UTC 2026
// 重构日志: 0ae888d6
// 重构日志: f7a301bf
